// Jest Snapshot v1, https://goo.gl/fbAQLP

exports[`Api call status selectors getPropertiesListLoadingStatus should return correct value 1`] = `false`;
