// Jest Snapshot v1, https://goo.gl/fbAQLP

exports[`Properties sort config getPropertiesSortByConfig should return correct value 1`] = `"Title"`;
