// Jest Snapshot v1, https://goo.gl/fbAQLP

exports[`Properties sort config actions should return correct setNewPropertiesSortAction object 1`] = `
Object {
  "payload": Object {
    "asc": true,
    "prop": "title",
  },
  "type": "[PropertiesSort] Set new sort param",
}
`;
