// Jest Snapshot v1, https://goo.gl/fbAQLP

exports[`Sort utils sort by prop num should sort ascending 1`] = `
Array [
  Object {
    "propNum": 0,
    "propString": "H",
  },
  Object {
    "propNum": 3,
    "propString": "R",
  },
  Object {
    "propNum": 13,
    "propString": "E",
  },
  Object {
    "propNum": 24,
    "propString": "F",
  },
  Object {
    "propNum": 34,
    "propString": "D",
  },
  Object {
    "propNum": 54,
    "propString": "A",
  },
]
`;

exports[`Sort utils sort by prop num should sort descending 1`] = `
Array [
  Object {
    "propNum": 54,
    "propString": "A",
  },
  Object {
    "propNum": 34,
    "propString": "D",
  },
  Object {
    "propNum": 24,
    "propString": "F",
  },
  Object {
    "propNum": 13,
    "propString": "E",
  },
  Object {
    "propNum": 3,
    "propString": "R",
  },
  Object {
    "propNum": 0,
    "propString": "H",
  },
]
`;

exports[`Sort utils sort by prop string should sort ascending 1`] = `
Array [
  Object {
    "propNum": 54,
    "propString": "A",
  },
  Object {
    "propNum": 34,
    "propString": "D",
  },
  Object {
    "propNum": 13,
    "propString": "E",
  },
  Object {
    "propNum": 24,
    "propString": "F",
  },
  Object {
    "propNum": 0,
    "propString": "H",
  },
  Object {
    "propNum": 3,
    "propString": "R",
  },
]
`;

exports[`Sort utils sort by prop string should sort descending 1`] = `
Array [
  Object {
    "propNum": 3,
    "propString": "R",
  },
  Object {
    "propNum": 13,
    "propString": "E",
  },
  Object {
    "propNum": 34,
    "propString": "D",
  },
  Object {
    "propNum": 54,
    "propString": "A",
  },
  Object {
    "propNum": 0,
    "propString": "H",
  },
  Object {
    "propNum": 24,
    "propString": "F",
  },
]
`;
